
> erp_system@1.0.0 test
> vitest run budgets.test.ts --no-coverage


[1m[7m[36m RUN [39m[27m[22m [36mv2.1.9 [39m[90mE:/erp_wiisite/erp_system[39m

 [31mÔØ»[39m server/budgets.test.ts [2m([22m[2m5 tests[22m[2m | [22m[31m3 failed[39m[2m)[22m[90m 48[2mms[22m[39m
[31m   [31m├ù[31m budgets procedures[2m > [22mshould list budgets without filters[90m 36[2mms[22m[31m[39m
[31m     ÔåÆ Cannot read properties of undefined (reading 'Symbol(drizzle:IsAlias)')[39m
[31m   [31m├ù[31m budgets procedures[2m > [22mshould list budgets with status filter[90m 3[2mms[22m[31m[39m
[31m     ÔåÆ Cannot read properties of undefined (reading 'Symbol(drizzle:IsAlias)')[39m
[31m   [31m├ù[31m budgets procedures[2m > [22mshould create a budget with correct calculations[90m 4[2mms[22m[31m[39m
[31m     ÔåÆ Cannot read properties of undefined (reading 'Symbol(drizzle:Columns)')[39m

node.exe : [31mÔÄ»ÔÄ»
ÔÄ»ÔÄ»ÔÄ»ÔÄ»ÔÄ»[1m[7
m Failed Tests 3 [27m
[22mÔÄ»ÔÄ»ÔÄ»ÔÄ»ÔÄ»ÔÄ
»ÔÄ»[39m
No linha:1 caractere:1
+ & "E:\/node.exe" "E:
\/node_modules/npm/bin
/npm-cli.js" test -- 
budget ...
+ ~~~~~~~~~~~~~~~~~~~~
~~~~~~~~~~~~~~~~~~~~~~
~~~~~~~~~~~~~~~~~~~~~~
~~~~~
    + CategoryInfo    
          : NotSpeci  
  fied: ([31mÔÄ»ÔÄ   
 »ÔÄ»Ô...»ÔÄ»ÔÄ»ÔÄ    
»[39m:String) []    
, RemoteException
    + FullyQualifiedE 
   rrorId : NativeCo  
  mmandError
 

[31m[1m[7m FAIL 
[27m[22m[39m server
/budgets.test.ts[2m 
> [22mbudgets 
procedures[2m > 
[22mshould list 
budgets without 
filters
[31m[1m[7m FAIL 
[27m[22m[39m server
/budgets.test.ts[2m 
> [22mbudgets 
procedures[2m > 
[22mshould list 
budgets with status 
filter
[31m[1mTRPCError[22
m: Cannot read 
properties of 
undefined (reading 'Sy
mbol(drizzle:IsAlias)'
)[39m
[90m [2mÔØ»[22m 
getTableLikeName node_
modules/.pnpm/drizzle-
orm@0.44.6_mysql2@3.15
.1/node_modules/src/ut
ils.ts:[2m206:5[22m
[39m
[90m [2mÔØ»[22m 
new MySqlSelectQueryBu
ilderBase node_modules
/.pnpm/drizzle-orm@0.4
4.6_mysql2@3.15.1/node
_modules/src/mysql-cor
e/query-builders/selec
t.ts:[2m225:20[22m[
39m
[90m [2mÔØ»[22m 
new MySqlSelectBase no
de_modules/.pnpm/drizz
le-orm@0.44.6_mysql2@3
.15.1/node_modules/src
/mysql-core/query-buil
ders/select.ts:[2m110
3:8[22m[39m
[90m [2mÔØ»[22m MyS
qlSelectBuilder.from n
ode_modules/.pnpm/driz
zle-orm@0.44.6_mysql2@
3.15.1/node_modules/sr
c/mysql-core/query-bui
lders/select.ts:[2m13
7:10[22m[39m
[36m [2mÔØ»[22m 
Module.getBudgets serv
er/db.ts:[2m2007:6[2
2m[39m
    [90m2005| [39m  
  customer[33m:[39m 
customers[33m,[39m
    [90m2006| [39m  
  order[33m:[39m 
orders[33m,[39m
    [90m2007| [39m  
})[33m.[39m[35mfrom
[39m(budgets)
    [90m   | [39m   
  [31m^[39m
    [90m2008| [39m  
  [33m.[39m[34mleft
Join[39m(customers[3
3m,[39m [34meq[39m(
budgets[33m.[39mcust
omerId[33m,[39m cust
omers[33m.[39mid))
    [90m2009| [39m  
  [33m.[39m[34mleft
Join[39m(orders[33m,
[39m [34meq[39m(bud
gets[33m.[39mid[33m
,[39m orders[33m.[3
9mbudgetId))[33m;[39
m
[90m [2mÔØ»[22m ser
ver/routers.ts:[2m998
:16[22m[39m
[90m [2mÔØ»[22m 
resolveMiddleware node
_modules/.pnpm/@trpc+s
erver@11.6.0_typescrip
t@5.9.3/node_modules/@
trpc/server/src/unstab
le-core-do-not-import/
procedureBuilder.ts:[
2m571:22[22m[39m
[90m [2mÔØ»[22m 
callRecursive node_mod
ules/.pnpm/@trpc+serve
r@11.6.0_typescript@5.
9.3/node_modules/@trpc
/server/src/unstable-c
ore-do-not-import/proc
edureBuilder.ts:[2m63
3:20[22m[39m

[31m[1mCaused by: 
TypeError[22m: 
Cannot read 
properties of 
undefined (reading 'Sy
mbol(drizzle:IsAlias)'
)[39m
[90m [2mÔØ»[22m 
getTableLikeName node_
modules/.pnpm/drizzle-
orm@0.44.6_mysql2@3.15
.1/node_modules/src/ut
ils.ts:[2m206:5[22m
[39m
[90m [2mÔØ»[22m 
new MySqlSelectQueryBu
ilderBase node_modules
/.pnpm/drizzle-orm@0.4
4.6_mysql2@3.15.1/node
_modules/src/mysql-cor
e/query-builders/selec
t.ts:[2m225:20[22m[
39m
[90m [2mÔØ»[22m 
new MySqlSelectBase no
de_modules/.pnpm/drizz
le-orm@0.44.6_mysql2@3
.15.1/node_modules/src
/mysql-core/query-buil
ders/select.ts:[2m110
3:8[22m[39m
[90m [2mÔØ»[22m MyS
qlSelectBuilder.from n
ode_modules/.pnpm/driz
zle-orm@0.44.6_mysql2@
3.15.1/node_modules/sr
c/mysql-core/query-bui
lders/select.ts:[2m13
7:10[22m[39m
[36m [2mÔØ»[22m 
Module.getBudgets serv
er/db.ts:[2m2007:6[2
2m[39m
[90m [2mÔØ»[22m ser
ver/routers.ts:[2m998
:16[22m[39m
[90m [2mÔØ»[22m 
resolveMiddleware node
_modules/.pnpm/@trpc+s
erver@11.6.0_typescrip
t@5.9.3/node_modules/@
trpc/server/src/unstab
le-core-do-not-import/
procedureBuilder.ts:[
2m571:22[22m[39m
[90m [2mÔØ»[22m 
callRecursive node_mod
ules/.pnpm/@trpc+serve
r@11.6.0_typescript@5.
9.3/node_modules/@trpc
/server/src/unstable-c
ore-do-not-import/proc
edureBuilder.ts:[2m63
3:20[22m[39m

[31m[2mÔÄ»ÔÄ»ÔÄ»ÔÄ»Ô
Ä»ÔÄ»ÔÄ»ÔÄ»ÔÄ»ÔÄ»ÔÄ»ÔÄ
»ÔÄ»ÔÄ»ÔÄ»ÔÄ»ÔÄ»ÔÄ»ÔÄ»
ÔÄ»ÔÄ»ÔÄ»ÔÄ»ÔÄ»[1/3]ÔÄ
»[22m[39m

[31m[1m[7m FAIL 
[27m[22m[39m server
/budgets.test.ts[2m 
> [22mbudgets 
procedures[2m > 
[22mshould create a 
budget with correct 
calculations
[31m[1mTRPCError[22
m: Cannot read 
properties of 
undefined (reading 'Sy
mbol(drizzle:Columns)'
)[39m
[90m [2mÔØ»[22m 
getTableColumns node_m
odules/.pnpm/drizzle-o
rm@0.44.6_mysql2@3.15.
1/node_modules/src/uti
ls.ts:[2m191:9[22m[
39m
[90m [2mÔØ»[22m MyS
qlSelectBuilder.from n
ode_modules/.pnpm/driz
zle-orm@0.44.6_mysql2@
3.15.1/node_modules/sr
c/mysql-core/query-bui
lders/select.ts:[2m11
9:13[22m[39m
[36m [2mÔØ»[22m 
Module.getTaxSettings 
server/db.ts:[2m1959:
38[22m[39m
    [90m1957| [39m  
[35mif[39m 
([33m![39mdb) 
[35mthrow[39m 
[35mnew[39m [33mErr
or[39m([32m"Database
 not available"[39m)
[33m;[39m
    [90m1958| [39m  
    [90m1959| [39m  
[35mconst[39m 
settings [33m=[39m 
[35mawait[39m db[33
m.[39m[34mselect[39
m()[33m.[39m[35mfro
m[39m(taxSettings)[3
3m.[39m[34mwhere[39
m([34meq[39m(taxSetÔ
Çª
    [90m   | [39m   
                      
            
[31m^[39m
    [90m1960| [39m  
[35mreturn[39m 
settings[[34m0[39m] 
[33m||[39m [35mnull
[39m[33m;[39m
    [90m1961| [39m}
[90m [2mÔØ»[22m ser
ver/routers.ts:[2m104
1:27[22m[39m
[90m [2mÔØ»[22m 
resolveMiddleware node
_modules/.pnpm/@trpc+s
erver@11.6.0_typescrip
t@5.9.3/node_modules/@
trpc/server/src/unstab
le-core-do-not-import/
procedureBuilder.ts:[
2m571:22[22m[39m
[90m [2mÔØ»[22m 
callRecursive node_mod
ules/.pnpm/@trpc+serve
r@11.6.0_typescript@5.
9.3/node_modules/@trpc
/server/src/unstable-c
ore-do-not-import/proc
edureBuilder.ts:[2m63
3:20[22m[39m

[31m[1mCaused by: 
TypeError[22m: 
Cannot read 
properties of 
undefined (reading 'Sy
mbol(drizzle:Columns)'
)[39m
[90m [2mÔØ»[22m 
getTableColumns node_m
odules/.pnpm/drizzle-o
rm@0.44.6_mysql2@3.15.
1/node_modules/src/uti
ls.ts:[2m191:9[22m[
39m
[90m [2mÔØ»[22m MyS
qlSelectBuilder.from n
ode_modules/.pnpm/driz
zle-orm@0.44.6_mysql2@
3.15.1/node_modules/sr
c/mysql-core/query-bui
lders/select.ts:[2m11
9:13[22m[39m
[36m [2mÔØ»[22m 
Module.getTaxSettings 
server/db.ts:[2m1959:
38[22m[39m
[90m [2mÔØ»[22m ser
ver/routers.ts:[2m104
1:27[22m[39m
[90m [2mÔØ»[22m 
resolveMiddleware node
_modules/.pnpm/@trpc+s
erver@11.6.0_typescrip
t@5.9.3/node_modules/@
trpc/server/src/unstab
le-core-do-not-import/
procedureBuilder.ts:[
2m571:22[22m[39m
[90m [2mÔØ»[22m 
callRecursive node_mod
ules/.pnpm/@trpc+serve
r@11.6.0_typescript@5.
9.3/node_modules/@trpc
/server/src/unstable-c
ore-do-not-import/proc
edureBuilder.ts:[2m63
3:20[22m[39m

[31m[2mÔÄ»ÔÄ»ÔÄ»ÔÄ»Ô
Ä»ÔÄ»ÔÄ»ÔÄ»ÔÄ»ÔÄ»ÔÄ»ÔÄ
»ÔÄ»ÔÄ»ÔÄ»ÔÄ»ÔÄ»ÔÄ»ÔÄ»
ÔÄ»ÔÄ»ÔÄ»ÔÄ»ÔÄ»[2/3]ÔÄ
»[22m[39m

[2m Test Files [22m [1m[31m1 failed[39m[22m[90m (1)[39m
[2m      Tests [22m [1m[31m3 failed[39m[22m[2m | [22m[1m[32m2 passed[39m[22m[90m (5)[39m
[2m   Start at [22m 09:18:52
[2m   Duration [22m 3.16s[2m (transform 456ms, setup 49ms, collect 2.18s, tests 48ms, environment 0ms, prepare 305ms)[22m

