
> erp_system@1.0.0 check
> tsc --noEmit

